=== RUN   TestIndependentSingleRequestClients
    single_benchmark_test.go:45: single-request fixture artifacts: /tmp/weir-tests-2479009951
=== RUN   TestIndependentSingleRequestClients/mongo
single-request backend=mongo processes=2 workers=2 round=1 direct=4781.1 weir=2851.9 DB-CPU direct=65.7% weir=45.6%
single-request backend=mongo processes=2 workers=4 round=1 direct=4869.1 weir=2836.5 DB-CPU direct=67.4% weir=39.6%
=== RUN   TestIndependentSingleRequestClients/search
single-request backend=search processes=2 workers=2 round=1 direct=595.2 weir=770.7 DB-CPU direct=87.6% weir=88.4%
single-request backend=search processes=2 workers=4 round=1 direct=2375.7 weir=1481.7 DB-CPU direct=89.7% weir=99.3%
--- PASS: TestIndependentSingleRequestClients (86.14s)
    --- PASS: TestIndependentSingleRequestClients/mongo (25.85s)
    --- PASS: TestIndependentSingleRequestClients/search (26.98s)
=== RUN   TestSystemIntegration
    system_test.go:53: fixture artifacts: /tmp/weir-tests-3808664467
=== RUN   TestSystemIntegration/native_reset_and_write_change_evidence
    system_test.go:81: repeated 1/64-record reset succeeds; native Mongo matched-but-unmodified timed writes are rejected; real 32-record bulk changes persist
=== RUN   TestSystemIntegration/mongo_lifecycle
    system_test.go:86: Create/preconditions/Replace/Put/AtomicTransform/Read/Delete, typed Read/Mutate sequence, Native, and direct database persistence verified
    system_test.go:87: all finite Scan pages resumed on alternating owners without omissions/duplicates; failed consumer received no checkpoint
    system_test.go:88: 48 independent unary SDK mutations across two same-Store targets, ordered results including precondition/missing, duplicate URI execution order, and SDK/server late-invalid preflight verified
    system_test.go:89: 513 distinct native documents Put and Read in one physical adapter batch per unary call; every value independently persisted and reverse-order results verified
=== RUN   TestSystemIntegration/search_lifecycle
    system_test.go:86: Create/preconditions/Replace/Put/AtomicTransform/Read/Delete, typed Read/Mutate sequence, Native, and direct database persistence verified
    system_test.go:87: all finite Scan pages resumed on alternating owners without omissions/duplicates; failed consumer received no checkpoint
    system_test.go:88: 48 independent unary SDK mutations across two same-Store targets, ordered results including precondition/missing, duplicate URI execution order, and SDK/server late-invalid preflight verified
    system_test.go:89: 513 distinct native documents Put and Read in one physical adapter batch per unary call; every value independently persisted and reverse-order results verified
=== RUN   TestSystemIntegration/any_node_discovery_and_no_relay
=== RUN   TestSystemIntegration/cancellation
=== RUN   TestSystemIntegration/owner_withdrawal_restart_and_seed_loss
    system_test.go:105: graceful owner withdrawal converged; existing and recreated SDK clients read persisted data; restarted owner recovered; losing the seed did not interrupt direct business reads
--- PASS: TestSystemIntegration (20.18s)
    --- PASS: TestSystemIntegration/native_reset_and_write_change_evidence (0.19s)
    --- PASS: TestSystemIntegration/mongo_lifecycle (0.55s)
    --- PASS: TestSystemIntegration/search_lifecycle (1.86s)
    --- PASS: TestSystemIntegration/any_node_discovery_and_no_relay (0.23s)
    --- PASS: TestSystemIntegration/cancellation (0.00s)
    --- PASS: TestSystemIntegration/owner_withdrawal_restart_and_seed_loss (0.15s)
PASS
ok  	github.com/batchstream/weir-tests/tests/integration	107.333s
