=== RUN   TestIndependentSingleRequestClients
    single_benchmark_test.go:45: single-request fixture artifacts: /var/folders/91/pzs4g26n4_s925wqcxc1xmd40000gn/T/weir-tests-2726798879
=== RUN   TestIndependentSingleRequestClients/mongo
single-request backend=mongo processes=2 workers=2 round=1 direct=2503.6 weir=2428.6 DB-CPU direct=2.4% weir=1.6%
single-request backend=mongo processes=2 workers=4 round=1 direct=4938.2 weir=2431.2 DB-CPU direct=4.0% weir=2.3%
=== RUN   TestIndependentSingleRequestClients/search
single-request backend=search processes=2 workers=2 round=1 direct=1942.7 weir=2421.8 DB-CPU direct=100.8% weir=88.3%
single-request backend=search processes=2 workers=4 round=1 direct=5782.8 weir=3609.2 DB-CPU direct=92.1% weir=74.7%
--- PASS: TestIndependentSingleRequestClients (79.36s)
    --- PASS: TestIndependentSingleRequestClients/mongo (26.59s)
    --- PASS: TestIndependentSingleRequestClients/search (26.41s)
=== RUN   TestSystemIntegration
    system_test.go:53: fixture artifacts: /var/folders/91/pzs4g26n4_s925wqcxc1xmd40000gn/T/weir-tests-507186820
=== RUN   TestSystemIntegration/native_reset_and_write_change_evidence
    system_test.go:81: repeated 1/64-record reset succeeds; native Mongo matched-but-unmodified timed writes are rejected; real 32-record bulk changes persist
=== RUN   TestSystemIntegration/mongo_lifecycle
    system_test.go:86: Create/preconditions/Replace/Put/AtomicTransform/Read/Delete, typed Read/Mutate sequence, Native, and direct database persistence verified
    system_test.go:87: all finite Scan pages resumed on alternating owners without omissions/duplicates; failed consumer received no checkpoint
    system_test.go:88: 48 independent unary SDK mutations across two same-Store targets, ordered results including precondition/missing, duplicate URI execution order, and SDK/server late-invalid preflight verified
    system_test.go:89: 513 distinct native documents Put and Read in one physical adapter batch per unary call; every value independently persisted and reverse-order results verified
=== RUN   TestSystemIntegration/search_lifecycle
    system_test.go:86: Create/preconditions/Replace/Put/AtomicTransform/Read/Delete, typed Read/Mutate sequence, Native, and direct database persistence verified
    system_test.go:87: all finite Scan pages resumed on alternating owners without omissions/duplicates; failed consumer received no checkpoint
    system_test.go:88: 48 independent unary SDK mutations across two same-Store targets, ordered results including precondition/missing, duplicate URI execution order, and SDK/server late-invalid preflight verified
    system_test.go:89: 513 distinct native documents Put and Read in one physical adapter batch per unary call; every value independently persisted and reverse-order results verified
=== RUN   TestSystemIntegration/any_node_discovery_and_no_relay
=== RUN   TestSystemIntegration/cancellation
=== RUN   TestSystemIntegration/owner_withdrawal_restart_and_seed_loss
    system_test.go:105: graceful owner withdrawal converged; existing and recreated SDK clients read persisted data; restarted owner recovered; losing the seed did not interrupt direct business reads
--- PASS: TestSystemIntegration (17.31s)
    --- PASS: TestSystemIntegration/native_reset_and_write_change_evidence (0.40s)
    --- PASS: TestSystemIntegration/mongo_lifecycle (0.64s)
    --- PASS: TestSystemIntegration/search_lifecycle (1.55s)
    --- PASS: TestSystemIntegration/any_node_discovery_and_no_relay (0.17s)
    --- PASS: TestSystemIntegration/cancellation (0.00s)
    --- PASS: TestSystemIntegration/owner_withdrawal_restart_and_seed_loss (0.90s)
PASS
ok  	github.com/batchstream/weir-tests/tests/integration	98.519s
