Owned fixture logs: /tmp/weir-tests-4215804102
single-request backend=mongo processes=4 workers=8 round=1 direct=8738.8 weir=5619.8 DB-CPU direct=100.0% weir=70.1%
single-request backend=mongo processes=4 workers=32 round=1 direct=9237.8 weir=9163.2 DB-CPU direct=100.5% weir=77.2%
# Database saturation comparison

Backend **mongo**. Started 2026-10-04T02:58:49.999772421Z.

independent OS client processes send one record per native call or unary SDK RPC; native FindOne/ReplaceOne or single-ID mget/PUT; no client aggregation; worker-owned disjoint IDs; common phase barriers and unchanged pools across warmup and measurement; alternating AB/BA; latency is each business request including validation, queueing and any server aggregation; independent persisted postflight; sustained database CPU requires >=5 intervals, >=80% measurement coverage, mean CPU>=threshold and CPU>=threshold during >=80% measurement duration in every round, plus <=10% next-level throughput gain.

Warmup 3s and measurement 10s per path/stage, 1 paired rounds, requested writes 0%.

Complete business-request budget for both paths: 10s.

Configured Weir Store backend budget: 10s; the active caller deadline also applies.

4 independent OS client processes. Each worker sends one business request containing one record, waits for its acknowledged result, and validates it. p50/p95/p99 describe individual requests; histograms are pooled rather than averaging process quantiles.

| Batch | Workers | Round | Path | Read | Write | Success | Errors/unknown | Ops/s | p95 call ms | DB CPU budget % | Full CPU time % | Sampling coverage % | Verified |
| ---: | ---: | ---: | --- | ---: | ---: | ---: | ---: | ---: | ---: | ---: | ---: | ---: | --- |
| 1 | 8 | 1 | direct | 87397 | 0 | 87397 | 0 | 8738.8 | 1.407 | 100.0 | 96.7 | 96.7 | true |
| 1 | 8 | 1 | weir | 56205 | 0 | 56205 | 0 | 5619.8 | 2.815 | 70.1 | 0.0 | 96.7 | true |
| 1 | 32 | 1 | direct | 92400 | 0 | 92400 | 0 | 9237.8 | 6.143 | 100.5 | 96.8 | 96.8 | true |
| 1 | 32 | 1 | weir | 91670 | 0 | 91670 | 0 | 9163.2 | 7.167 | 77.2 | 0.0 | 97.6 | true |

Measured Weir adapter and unary RPC evidence (warmup, reset and postflight excluded):

| Batch | Workers | Round | Adapter invocations | Mean adapter batch | Read/Mutate RPCs | Queue mean ms | Adapter mean ms | Rejections | Backend concurrency limit |
| ---: | ---: | ---: | ---: | ---: | --- | ---: | ---: | ---: | ---: |
| 1 | 8 | 1 | 50604 | 1.111 | 56205/0 | 0.015 | 0.602 | 0 | 32.000 |
| 1 | 32 | 1 | 53684 | 1.708 | 91670/0 | 0.087 | 1.139 | 0 | 32.000 |

**Batch 1: database-full-load throughput comparison unavailable.** both paths must independently demonstrate sustained database CPU saturation and a verified next-level throughput plateau; increase concurrency or isolate client/Weir resources; I/O/network-bound saturation needs additional device/link capacity evidence.

Best verified business QPS within this ladder: direct 9237.8 (32 workers), Weir 9163.2 (32 workers), observed change -0.81%. This is a measured business-throughput comparison, not a maximum-database-capacity claim.

Observed single-request business performance at matched client concurrency (independent of the database-capacity qualification):

| Workers | Direct QPS | Weir QPS | Change | Direct p50/p95/p99 ms | Weir p50/p95/p99 ms |
| ---: | ---: | ---: | ---: | --- | --- |
| 8 | 8738.8 | 5619.8 | -35.69% | 0.639 / 1.407 / 4.607 | 1.279 / 2.815 / 3.839 |
| 32 | 9237.8 | 9163.2 | -0.81% | 2.047 / 6.143 / 45.055 | 3.327 / 7.167 / 9.215 |

These QPS and latency observations apply to this hardware and measured concurrency range. A business-throughput improvement can exist without demonstrating the maximum database capacity. An underfull database or missing next-level plateau keeps the database-capacity comparison unavailable.

Aggregation evidence: the JSON records one business request per record, Read/Mutate RPC counts, adapter invocation counts, average adapter batch and its cumulative histogram, and RPCs per adapter invocation. An adapter invocation is not necessarily one physical database wire command. MongoDB physical find/update/bulkWrite/getMore/killCursors/commitTransaction/abortTransaction deltas come from owned serverStatus at timed boundaries; missing counters remain unavailable. Elasticsearch has no equivalent physical HTTP-command counter. Every child PID, configured native pool limit, final revision ranges, exit result and sampled CPU/RSS is retained; coordinator sampling CPU is excluded from business-client CPU.

The JSON retains before/after raw public Weir metrics and their observed deltas, every resource sample, monitor failures, raw cumulative database/container I/O and network counters, CPU quota/host core denominator, and client/Weir cumulative CPU. Docker CPU uses cumulative Engine usage and read timestamps across each entire sampling interval, never CLI instantaneous percentages. Both interval endpoints must succeed; missing intervals reduce full-run coverage. Samples include monitoring traffic and background database work. Native ps CPU has platform-dependent clock resolution. Native databases share the host CPU budget with the client and Weir. Disk/network utilization or capacity is not inferred from byte counters. A plateau without sustained database CPU saturation is not a database-full-load result. Startup/discovery/reset/postflight and warmup are excluded from throughput; all in-flight completion and validation is included.
