=== RUN   TestSystemIntegration
    system_test.go:53: fixture artifacts: /tmp/weir-tests-2433640304
=== RUN   TestSystemIntegration/native_reset_and_write_change_evidence
    system_test.go:81: repeated 1/64-record reset succeeds; native Mongo matched-but-unmodified timed writes are rejected; real 32-record bulk changes persist
=== RUN   TestSystemIntegration/mongo_lifecycle
    system_test.go:86: Create/preconditions/Replace/Put/AtomicTransform/Read/Delete, finite mixed Execute, Native, and direct database persistence verified
    system_test.go:87: all finite Scan pages resumed on alternating owners without omissions/duplicates; failed consumer received no checkpoint
    system_test.go:88: 48 independent SDK mutations across two same-Store targets, ordered results including precondition/missing, and late-invalid all-input preflight verified
=== RUN   TestSystemIntegration/search_lifecycle
    system_test.go:86: Create/preconditions/Replace/Put/AtomicTransform/Read/Delete, finite mixed Execute, Native, and direct database persistence verified
    system_test.go:87: all finite Scan pages resumed on alternating owners without omissions/duplicates; failed consumer received no checkpoint
    system_test.go:88: 48 independent SDK mutations across two same-Store targets, ordered results including precondition/missing, and late-invalid all-input preflight verified
=== RUN   TestSystemIntegration/any_node_discovery_and_no_relay
=== RUN   TestSystemIntegration/cancellation
=== RUN   TestSystemIntegration/owner_withdrawal_restart_and_seed_loss
    system_test.go:104: graceful owner withdrawal converged; existing and recreated SDK clients read persisted data; restarted owner recovered; losing the seed did not interrupt direct business reads
--- PASS: TestSystemIntegration (30.64s)
    --- PASS: TestSystemIntegration/native_reset_and_write_change_evidence (0.16s)
    --- PASS: TestSystemIntegration/mongo_lifecycle (0.13s)
    --- PASS: TestSystemIntegration/search_lifecycle (0.57s)
    --- PASS: TestSystemIntegration/any_node_discovery_and_no_relay (0.05s)
    --- PASS: TestSystemIntegration/cancellation (0.00s)
    --- PASS: TestSystemIntegration/owner_withdrawal_restart_and_seed_loss (0.17s)
PASS
ok  	github.com/batchstream/weir-tests/tests/integration	31.654s
