Owned fixture logs: /tmp/weir-tests-3518810078
saturation backend=mongo batch=32 concurrency=8 round=1 direct=107721.6 weir=5209.4 DB-CPU direct=99.9% weir=63.0%
saturation backend=mongo batch=32 concurrency=8 round=2 direct=108470.3 weir=5960.1 DB-CPU direct=99.9% weir=73.1%
saturation backend=mongo batch=32 concurrency=8 round=3 direct=108669.5 weir=5933.7 DB-CPU direct=99.9% weir=72.1%
saturation backend=mongo batch=32 concurrency=32 round=1 direct=108968.5 weir=6028.2 DB-CPU direct=100.0% weir=73.3%
saturation backend=mongo batch=32 concurrency=32 round=2 direct=108948.5 weir=6018.9 DB-CPU direct=100.0% weir=73.5%
saturation backend=mongo batch=32 concurrency=32 round=3 direct=110419.1 weir=6018.6 DB-CPU direct=99.9% weir=73.5%
saturation backend=mongo batch=32 concurrency=64 round=1 direct=107634.7 weir=5950.6 DB-CPU direct=100.0% weir=72.8%
saturation backend=mongo batch=32 concurrency=64 round=2 direct=105182.1 weir=5956.5 DB-CPU direct=100.0% weir=73.1%
saturation backend=mongo batch=32 concurrency=64 round=3 direct=107877.0 weir=5946.8 DB-CPU direct=99.9% weir=72.7%
# Database saturation comparison

Backend **mongo**. Started 2026-10-03T04:38:17.670232406Z.

duration-based ascending concurrency sweep; matched native and same-Store SDK bulk batches; deterministic worker-owned IDs and real revision changes; alternating AB/BA pairs; independent postflight; CPU saturation requires >=5 valid intervals covering >=80% of total measurement time, time-weighted mean CPU>=threshold and CPU>=threshold during >=80% of total measurement time in every round, plus <=10% throughput gain at the next concurrency level; I/O/network byte counters do not prove saturation.

Warmup 10s and measurement 20s per path/stage, 3 paired rounds, requested writes 0%. Latency is the end-to-end batch completion latency, assigned to every logical operation in the batch.

| Batch | Workers | Round | Path | Read | Write | Success | Errors/unknown | Ops/s | p95 batch ms | DB CPU budget % | Full CPU time % | Sampling coverage % | Verified |
| ---: | ---: | ---: | --- | ---: | ---: | ---: | ---: | ---: | ---: | ---: | ---: | ---: | --- |
| 32 | 8 | 1 | direct | 2154528 | 0 | 2154528 | 0 | 107721.6 | 4.095 | 99.9 | 99.5 | 99.5 | true |
| 32 | 8 | 1 | weir | 104288 | 0 | 104288 | 0 | 5209.4 | 73.727 | 63.0 | 0.0 | 99.2 | true |
| 32 | 8 | 2 | direct | 2169536 | 0 | 2169536 | 0 | 108470.3 | 4.095 | 99.9 | 99.4 | 99.4 | true |
| 32 | 8 | 2 | weir | 119328 | 0 | 119328 | 0 | 5960.1 | 57.343 | 73.1 | 0.0 | 99.0 | true |
| 32 | 8 | 3 | direct | 2173472 | 0 | 2173472 | 0 | 108669.5 | 4.095 | 99.9 | 99.3 | 99.3 | true |
| 32 | 8 | 3 | weir | 118784 | 0 | 118784 | 0 | 5933.7 | 57.343 | 72.1 | 0.0 | 98.7 | true |
| 32 | 32 | 1 | direct | 2179840 | 0 | 2179840 | 0 | 108968.5 | 36.863 | 100.0 | 99.9 | 99.9 | true |
| 32 | 32 | 1 | weir | 121536 | 0 | 121536 | 0 | 6028.2 | 393.215 | 73.3 | 0.0 | 97.9 | true |
| 32 | 32 | 2 | direct | 2179360 | 0 | 2179360 | 0 | 108948.5 | 36.863 | 100.0 | 95.1 | 95.1 | true |
| 32 | 32 | 2 | weir | 121248 | 0 | 121248 | 0 | 6018.9 | 393.215 | 73.5 | 0.0 | 98.0 | true |
| 32 | 32 | 3 | direct | 2208832 | 0 | 2208832 | 0 | 110419.1 | 36.863 | 99.9 | 95.2 | 95.2 | true |
| 32 | 32 | 3 | weir | 121216 | 0 | 121216 | 0 | 6018.6 | 393.215 | 73.5 | 0.0 | 98.1 | true |
| 32 | 64 | 1 | direct | 2153664 | 0 | 2153664 | 0 | 107634.7 | 53.247 | 100.0 | 98.5 | 98.5 | true |
| 32 | 64 | 1 | weir | 120960 | 0 | 120960 | 0 | 5950.6 | 851.967 | 72.8 | 0.0 | 97.4 | true |
| 32 | 64 | 2 | direct | 2104224 | 0 | 2104224 | 0 | 105182.1 | 57.343 | 100.0 | 98.8 | 98.8 | true |
| 32 | 64 | 2 | weir | 120960 | 0 | 120960 | 0 | 5956.5 | 851.967 | 73.1 | 0.0 | 97.4 | true |
| 32 | 64 | 3 | direct | 2158048 | 0 | 2158048 | 0 | 107877.0 | 53.247 | 99.9 | 97.9 | 97.9 | true |
| 32 | 64 | 3 | weir | 120768 | 0 | 120768 | 0 | 5946.8 | 851.967 | 72.7 | 0.0 | 97.4 | true |

**Batch 32: database-full-load throughput comparison unavailable.** both paths must independently demonstrate sustained database CPU saturation and a verified next-level throughput plateau; increase concurrency or isolate client/Weir resources; I/O/network-bound saturation needs additional device/link capacity evidence.

The JSON retains every resource sample, monitor failures, raw cumulative database/container I/O and network counters, CPU quota/host core denominator, and client/Weir cumulative CPU. Docker CPU uses cumulative Engine usage and read timestamps across each entire sampling interval, never CLI instantaneous percentages. Both interval endpoints must succeed; missing intervals reduce full-run coverage. Samples include monitoring traffic and background database work. Native ps CPU has platform-dependent clock resolution. Native databases share the host CPU budget with the client and Weir. Disk/network utilization or capacity is not inferred from byte counters. A plateau without sustained database CPU saturation is not a database-full-load result. Startup/discovery/reset/postflight and warmup are excluded from throughput; all in-flight completion and validation is included.
saturation backend=search batch=32 concurrency=8 round=1 direct=23822.1 weir=5693.8 DB-CPU direct=99.8% weir=78.6%
saturation backend=search batch=32 concurrency=8 round=2 direct=50519.0 weir=5724.8 DB-CPU direct=99.6% weir=78.3%
saturation backend=search batch=32 concurrency=8 round=3 direct=49931.5 weir=5795.5 DB-CPU direct=99.7% weir=77.5%
saturation backend=search batch=32 concurrency=32 round=1 direct=51457.5 weir=5823.8 DB-CPU direct=99.7% weir=77.3%
saturation backend=search batch=32 concurrency=32 round=2 direct=52329.3 weir=5784.3 DB-CPU direct=99.6% weir=75.5%
saturation backend=search batch=32 concurrency=32 round=3 direct=52186.1 weir=5841.1 DB-CPU direct=99.8% weir=75.6%
saturation backend=search batch=32 concurrency=64 round=1 direct=52643.2 weir=5912.7 DB-CPU direct=99.7% weir=75.7%
saturation backend=search batch=32 concurrency=64 round=2 direct=52865.3 weir=5905.6 DB-CPU direct=99.8% weir=75.1%
saturation backend=search batch=32 concurrency=64 round=3 direct=53050.4 weir=5863.9 DB-CPU direct=99.9% weir=75.7%
# Database saturation comparison

Backend **search**. Started 2026-10-03T04:47:23.145160036Z.

duration-based ascending concurrency sweep; matched native and same-Store SDK bulk batches; deterministic worker-owned IDs and real revision changes; alternating AB/BA pairs; independent postflight; CPU saturation requires >=5 valid intervals covering >=80% of total measurement time, time-weighted mean CPU>=threshold and CPU>=threshold during >=80% of total measurement time in every round, plus <=10% throughput gain at the next concurrency level; I/O/network byte counters do not prove saturation.

Warmup 10s and measurement 20s per path/stage, 3 paired rounds, requested writes 0%. Latency is the end-to-end batch completion latency, assigned to every logical operation in the batch.

| Batch | Workers | Round | Path | Read | Write | Success | Errors/unknown | Ops/s | p95 batch ms | DB CPU budget % | Full CPU time % | Sampling coverage % | Verified |
| ---: | ---: | ---: | --- | ---: | ---: | ---: | ---: | ---: | ---: | ---: | ---: | ---: | --- |
| 32 | 8 | 1 | direct | 476512 | 0 | 476512 | 0 | 23822.1 | 61.439 | 99.8 | 96.1 | 96.1 | true |
| 32 | 8 | 1 | weir | 114208 | 0 | 114208 | 0 | 5693.8 | 61.439 | 78.6 | 0.0 | 98.5 | true |
| 32 | 8 | 2 | direct | 1010496 | 0 | 1010496 | 0 | 50519.0 | 22.527 | 99.6 | 99.3 | 99.3 | true |
| 32 | 8 | 2 | weir | 114624 | 0 | 114624 | 0 | 5724.8 | 61.439 | 78.3 | 0.0 | 98.5 | true |
| 32 | 8 | 3 | direct | 998784 | 0 | 998784 | 0 | 49931.5 | 24.575 | 99.7 | 99.1 | 99.1 | true |
| 32 | 8 | 3 | weir | 116032 | 0 | 116032 | 0 | 5795.5 | 57.343 | 77.5 | 0.0 | 98.8 | true |
| 32 | 32 | 1 | direct | 1029600 | 0 | 1029600 | 0 | 51457.5 | 53.247 | 99.7 | 95.1 | 95.1 | true |
| 32 | 32 | 1 | weir | 117312 | 0 | 117312 | 0 | 5823.8 | 327.679 | 77.3 | 0.0 | 98.0 | true |
| 32 | 32 | 2 | direct | 1046912 | 0 | 1046912 | 0 | 52329.3 | 53.247 | 99.6 | 94.8 | 94.8 | true |
| 32 | 32 | 2 | weir | 116544 | 0 | 116544 | 0 | 5784.3 | 327.679 | 75.5 | 0.0 | 98.2 | true |
| 32 | 32 | 3 | direct | 1044128 | 0 | 1044128 | 0 | 52186.1 | 53.247 | 99.8 | 95.0 | 95.0 | true |
| 32 | 32 | 3 | weir | 117728 | 0 | 117728 | 0 | 5841.1 | 360.447 | 75.6 | 0.0 | 97.9 | true |
| 32 | 64 | 1 | direct | 1053600 | 0 | 1053600 | 0 | 52643.2 | 90.111 | 99.7 | 96.7 | 96.7 | true |
| 32 | 64 | 1 | weir | 120192 | 0 | 120192 | 0 | 5912.7 | 655.359 | 75.7 | 0.0 | 96.9 | true |
| 32 | 64 | 2 | direct | 1058240 | 0 | 1058240 | 0 | 52865.3 | 90.111 | 99.8 | 96.3 | 96.3 | true |
| 32 | 64 | 2 | weir | 119968 | 0 | 119968 | 0 | 5905.6 | 655.359 | 75.1 | 0.0 | 96.8 | true |
| 32 | 64 | 3 | direct | 1061824 | 0 | 1061824 | 0 | 53050.4 | 90.111 | 99.9 | 95.9 | 95.9 | true |
| 32 | 64 | 3 | weir | 119168 | 0 | 119168 | 0 | 5863.9 | 655.359 | 75.7 | 0.0 | 97.3 | true |

**Batch 32: database-full-load throughput comparison unavailable.** both paths must independently demonstrate sustained database CPU saturation and a verified next-level throughput plateau; increase concurrency or isolate client/Weir resources; I/O/network-bound saturation needs additional device/link capacity evidence.

The JSON retains every resource sample, monitor failures, raw cumulative database/container I/O and network counters, CPU quota/host core denominator, and client/Weir cumulative CPU. Docker CPU uses cumulative Engine usage and read timestamps across each entire sampling interval, never CLI instantaneous percentages. Both interval endpoints must succeed; missing intervals reduce full-run coverage. Samples include monitoring traffic and background database work. Native ps CPU has platform-dependent clock resolution. Native databases share the host CPU budget with the client and Weir. Disk/network utilization or capacity is not inferred from byte counters. A plateau without sustained database CPU saturation is not a database-full-load result. Startup/discovery/reset/postflight and warmup are excluded from throughput; all in-flight completion and validation is included.
